src/screens/Wallet.tsx(58,27): error TS18048: 'walletRes.data' is possibly 'undefined'.
src/screens/Wallet.tsx(59,33): error TS18048: 'walletRes.data' is possibly 'undefined'.
src/screens/Wallet.tsx(62,33): error TS18048: 'txRes.data' is possibly 'undefined'.
src/screens/Wallet.tsx(180,77): error TS2367: This comparison appears to be unintentional because the types 'TransactionType' and '"topup"' have no overlap.
